2023-05-08 02:40:22,976 - freqtrade.loggers - INFO - Verbosity set to 0
2023-05-08 02:40:22,977 - freqtrade.configuration.configuration - INFO - Runmode set to dry_run.
2023-05-08 02:40:22,979 - freqtrade.configuration.configuration - INFO - Dry run is enabled
2023-05-08 02:40:22,980 - freqtrade.configuration.configuration - INFO - Using DB: "sqlite:///tradesv3.dryrun.sqlite"
2023-05-08 02:40:22,981 - freqtrade.configuration.configuration - INFO - Using max_open_trades: 100 ...
2023-05-08 02:40:23,069 - freqtrade.configuration.configuration - INFO - Using user-data directory: /freqtrade/user_data ...
2023-05-08 02:40:23,076 - freqtrade.configuration.directory_operations - INFO - Created data directory: None
2023-05-08 02:40:23,076 - freqtrade.configuration.configuration - INFO - Using data directory: /freqtrade/user_data/data/binance ...
2023-05-08 02:40:23,079 - freqtrade.exchange.check_exchange - INFO - Checking exchange...
2023-05-08 02:40:23,089 - freqtrade.exchange.check_exchange - INFO - Exchange "binance" is officially supported by the Freqtrade development team.
2023-05-08 02:40:23,090 - freqtrade.configuration.configuration - INFO - Using pairlist from configuration.
2023-05-08 02:40:23,108 - freqtrade.resolvers.iresolver - INFO - Using resolved strategy ADXMomentum from '/freqtrade/user_data/strategies/ADXMomentum.py'...
2023-05-08 02:40:23,110 - freqtrade.strategy.hyper - INFO - Found no parameter file.
2023-05-08 02:40:23,111 - freqtrade.resolvers.strategy_resolver - INFO - Override strategy 'stake_currency' with value in config file: USDT.
2023-05-08 02:40:23,112 - freqtrade.resolvers.strategy_resolver - INFO - Override strategy 'stake_amount' with value in config file: 100.
2023-05-08 02:40:23,113 - freqtrade.resolvers.strategy_resolver - INFO - Override strategy 'unfilledtimeout' with value in config file: {'entry': 10, 'exit': 10, 'exit_timeout_count': 0, 'unit': 'minutes'}.
2023-05-08 02:40:23,114 - freqtrade.resolvers.strategy_resolver - INFO - Override strategy 'max_open_trades' with value in config file: 100.
2023-05-08 02:40:23,115 - freqtrade.resolvers.strategy_resolver - INFO - Strategy using minimal_roi: {'0': 0.01}
2023-05-08 02:40:23,116 - freqtrade.resolvers.strategy_resolver - INFO - Strategy using timeframe: 1h
2023-05-08 02:40:23,116 - freqtrade.resolvers.strategy_resolver - INFO - Strategy using stoploss: -0.25
2023-05-08 02:40:23,117 - freqtrade.resolvers.strategy_resolver - INFO - Strategy using trailing_stop: False
2023-05-08 02:40:23,119 - freqtrade.resolvers.strategy_resolver - INFO - Strategy using trailing_stop_positive_offset: 0.0
2023-05-08 02:40:23,121 - freqtrade.resolvers.strategy_resolver - INFO - Strategy using trailing_only_offset_is_reached: False
2023-05-08 02:40:23,122 - freqtrade.resolvers.strategy_resolver - INFO - Strategy using use_custom_stoploss: False
2023-05-08 02:40:23,123 - freqtrade.resolvers.strategy_resolver - INFO - Strategy using process_only_new_candles: True
2023-05-08 02:40:23,123 - freqtrade.resolvers.strategy_resolver - INFO - Strategy using order_types: {'entry': 'limit', 'exit': 'limit', 'stoploss': 'limit', 'stoploss_on_exchange': False, 'stoploss_on_exchange_interval': 60}
2023-05-08 02:40:23,124 - freqtrade.resolvers.strategy_resolver - INFO - Strategy using order_time_in_force: {'entry': 'GTC', 'exit': 'GTC'}
2023-05-08 02:40:23,125 - freqtrade.resolvers.strategy_resolver - INFO - Strategy using stake_currency: USDT
2023-05-08 02:40:23,126 - freqtrade.resolvers.strategy_resolver - INFO - Strategy using stake_amount: 100
2023-05-08 02:40:23,126 - freqtrade.resolvers.strategy_resolver - INFO - Strategy using protections: []
2023-05-08 02:40:23,127 - freqtrade.resolvers.strategy_resolver - INFO - Strategy using startup_candle_count: 20
2023-05-08 02:40:23,128 - freqtrade.resolvers.strategy_resolver - INFO - Strategy using unfilledtimeout: {'entry': 10, 'exit': 10, 'exit_timeout_count': 0, 'unit': 'minutes'}
2023-05-08 02:40:23,128 - freqtrade.resolvers.strategy_resolver - INFO - Strategy using use_exit_signal: True
2023-05-08 02:40:23,130 - freqtrade.resolvers.strategy_resolver - INFO - Strategy using exit_profit_only: False
2023-05-08 02:40:23,131 - freqtrade.resolvers.strategy_resolver - INFO - Strategy using ignore_roi_if_entry_signal: False
2023-05-08 02:40:23,132 - freqtrade.resolvers.strategy_resolver - INFO - Strategy using exit_profit_offset: 0.0
2023-05-08 02:40:23,132 - freqtrade.resolvers.strategy_resolver - INFO - Strategy using disable_dataframe_checks: False
2023-05-08 02:40:23,133 - freqtrade.resolvers.strategy_resolver - INFO - Strategy using ignore_buying_expired_candle_after: 0
2023-05-08 02:40:23,134 - freqtrade.resolvers.strategy_resolver - INFO - Strategy using position_adjustment_enable: False
2023-05-08 02:40:23,135 - freqtrade.resolvers.strategy_resolver - INFO - Strategy using max_entry_position_adjustment: -1
2023-05-08 02:40:23,136 - freqtrade.resolvers.strategy_resolver - INFO - Strategy using max_open_trades: 100
2023-05-08 02:40:23,138 - freqtrade.configuration.config_validation - INFO - Validating configuration ...
2023-05-08 02:40:23,144 - freqtrade.exchange.exchange - INFO - Instance is running with dry_run enabled
2023-05-08 02:40:23,145 - freqtrade.exchange.exchange - INFO - Using CCXT 3.0.75
2023-05-08 02:40:23,147 - freqtrade.exchange.exchange - INFO - Applying additional ccxt config: {'options': {'defaultType': 'swap'}}
2023-05-08 02:40:23,157 - freqtrade.exchange.exchange - INFO - Applying additional ccxt config: {'options': {'defaultType': 'swap'}}
2023-05-08 02:40:23,167 - freqtrade.exchange.exchange - INFO - Using Exchange "Binance"
2023-05-08 02:40:24,048 - freqtrade.exchange.exchange - ERROR - Unable to initialize markets.
Traceback (most recent call last):
  File "/home/ftuser/.local/lib/python3.10/site-packages/ccxt/base/exchange.py", line 627, in fetch
    response.raise_for_status()
  File "/home/ftuser/.local/lib/python3.10/site-packages/requests/models.py", line 1021, in raise_for_status
    raise HTTPError(http_error_msg, response=self)
requests.exceptions.HTTPError: 418 Client Error: Unknown for url: https://fapi.binance.com/fapi/v1/exchangeInfo

During handling of the above exception, another exception occurred:

Traceback (most recent call last):
  File "/freqtrade/freqtrade/exchange/exchange.py", line 487, in _load_markets
    self._markets = self._api.load_markets(params={})
  File "/home/ftuser/.local/lib/python3.10/site-packages/ccxt/base/exchange.py", line 1459, in load_markets
    markets = self.fetch_markets(params)
  File "/home/ftuser/.local/lib/python3.10/site-packages/ccxt/binance.py", line 1805, in fetch_markets
    promises.append(self.fapiPublicGetExchangeInfo(params))
  File "/home/ftuser/.local/lib/python3.10/site-packages/ccxt/base/exchange.py", line 507, in inner
    return entry(_self, **inner_kwargs)
  File "/home/ftuser/.local/lib/python3.10/site-packages/ccxt/binance.py", line 6987, in request
    response = self.fetch2(path, api, method, params, headers, body, config, context)
  File "/home/ftuser/.local/lib/python3.10/site-packages/ccxt/base/exchange.py", line 2886, in fetch2
    return self.fetch(request['url'], request['method'], request['headers'], request['body'])
  File "/home/ftuser/.local/lib/python3.10/site-packages/ccxt/base/exchange.py", line 643, in fetch
    skip_further_error_handling = self.handle_errors(http_status_code, http_status_text, url, method, headers, http_response, json_response, request_headers, request_body)
  File "/home/ftuser/.local/lib/python3.10/site-packages/ccxt/binance.py", line 6914, in handle_errors
    raise DDoSProtection(self.id + ' ' + str(code) + ' ' + reason + ' ' + body)
ccxt.base.errors.DDoSProtection: binance 418 Unknown {"code":-1003,"msg":"Way too many requests; IP(113.160.224.227) banned until 1683513951173. Please use the websocket for live updates to avoid bans."}
2023-05-08 02:40:24,054 - freqtrade.commands.trade_commands - ERROR - Could not load markets, therefore cannot start. Please investigate the above error for more details.
2023-05-08 02:40:24,054 - freqtrade.commands.trade_commands - ERROR - Fatal exception!
Traceback (most recent call last):
  File "/freqtrade/freqtrade/commands/trade_commands.py", line 24, in start_trading
    worker = Worker(args)
  File "/freqtrade/freqtrade/worker.py", line 37, in __init__
    self._init(False)
  File "/freqtrade/freqtrade/worker.py", line 53, in _init
    self.freqtrade = FreqtradeBot(self._config)
  File "/freqtrade/freqtrade/freqtradebot.py", line 72, in __init__
    self.exchange = ExchangeResolver.load_exchange(
  File "/freqtrade/freqtrade/resolvers/exchange_resolver.py", line 34, in load_exchange
    exchange = ExchangeResolver._load_exchange(
  File "/freqtrade/freqtrade/resolvers/exchange_resolver.py", line 60, in _load_exchange
    exchange = ex_class(**kwargs)
  File "/freqtrade/freqtrade/exchange/exchange.py", line 187, in __init__
    self.validate_config(config)
  File "/freqtrade/freqtrade/exchange/exchange.py", line 220, in validate_config
    self.validate_stakecurrency(config['stake_currency'])
  File "/freqtrade/freqtrade/exchange/exchange.py", line 522, in validate_stakecurrency
    raise OperationalException(
freqtrade.exceptions.OperationalException: Could not load markets, therefore cannot start. Please investigate the above error for more details.
